Archive member included to satisfy reference by file (symbol)

c:/users/andrés martín yeves/desktop/carpeta trabajo - tp/tools/xpack-risc_v/bin/../lib/gcc/riscv-none-elf/12.2.0/rv32e/ilp32e\libgcc.a(muldi3.o)
                              C:\Users\ANDRSM~1\AppData\Local\Temp\ccN5C1K7.o (__mulsi3)
c:/users/andrés martín yeves/desktop/carpeta trabajo - tp/tools/xpack-risc_v/bin/../lib/gcc/riscv-none-elf/12.2.0/rv32e/ilp32e\libgcc.a(div.o)
                              C:\Users\ANDRSM~1\AppData\Local\Temp\ccN5C1K7.o (__divsi3)

Discarded input sections

 .debug_line    0x0000000000000000       0xc2 C:\Users\ANDRSM~1\AppData\Local\Temp\ccjtBmhk.o
 .debug_line_str
                0x0000000000000000       0x6a C:\Users\ANDRSM~1\AppData\Local\Temp\ccjtBmhk.o
 .debug_info    0x0000000000000000       0x24 C:\Users\ANDRSM~1\AppData\Local\Temp\ccjtBmhk.o
 .debug_abbrev  0x0000000000000000       0x14 C:\Users\ANDRSM~1\AppData\Local\Temp\ccjtBmhk.o
 .debug_aranges
                0x0000000000000000       0x20 C:\Users\ANDRSM~1\AppData\Local\Temp\ccjtBmhk.o
 .debug_str     0x0000000000000000       0x6e C:\Users\ANDRSM~1\AppData\Local\Temp\ccjtBmhk.o
 .debug_info    0x0000000000000000     0x22b6 C:\Users\ANDRSM~1\AppData\Local\Temp\ccN5C1K7.o
 .debug_abbrev  0x0000000000000000      0x43e C:\Users\ANDRSM~1\AppData\Local\Temp\ccN5C1K7.o
 .debug_loclists
                0x0000000000000000     0x1582 C:\Users\ANDRSM~1\AppData\Local\Temp\ccN5C1K7.o
 .debug_aranges
                0x0000000000000000       0x28 C:\Users\ANDRSM~1\AppData\Local\Temp\ccN5C1K7.o
 .debug_rnglists
                0x0000000000000000       0x7d C:\Users\ANDRSM~1\AppData\Local\Temp\ccN5C1K7.o
 .debug_line    0x0000000000000000     0x32aa C:\Users\ANDRSM~1\AppData\Local\Temp\ccN5C1K7.o
 .debug_str     0x0000000000000000      0x5e1 C:\Users\ANDRSM~1\AppData\Local\Temp\ccN5C1K7.o
 .debug_line_str
                0x0000000000000000      0x174 C:\Users\ANDRSM~1\AppData\Local\Temp\ccN5C1K7.o
 .debug_frame   0x0000000000000000      0x668 C:\Users\ANDRSM~1\AppData\Local\Temp\ccN5C1K7.o

Memory Configuration

Name             Origin             Length             Attributes
RAM              0x0000000000000000 0x0000000000004000 xrw
*default*        0x0000000000000000 0xffffffffffffffff

Linker script and memory map


.text           0x0000000000000000     0x2f2b
                0x0000000000000000                . = ALIGN (0x4)
 *(.boot)
 .boot          0x0000000000000000        0x4 C:\Users\ANDRSM~1\AppData\Local\Temp\ccjtBmhk.o
 *(.text)
 .text          0x0000000000000004       0x68 C:\Users\ANDRSM~1\AppData\Local\Temp\ccjtBmhk.o
                0x0000000000000060                delay_loop
 .text          0x000000000000006c     0x1aec C:\Users\ANDRSM~1\AppData\Local\Temp\ccN5C1K7.o
                0x000000000000006c                irq1_handler
                0x00000000000000d0                irq2_handler
                0x0000000000000120                _putch
                0x00000000000005f8                irq4_handler
                0x00000000000006c8                irq5_handler
                0x0000000000000758                _puts
                0x000000000000078c                _printf
                0x00000000000007c8                _sprintf
                0x0000000000000800                _getch
                0x0000000000000844                haschar
                0x0000000000000860                getMEPC
                0x000000000000086c                irq0_handler
                0x00000000000008dc                _printfBin
                0x0000000000000944                spixfer
                0x0000000000000968                readBME680
                0x00000000000009a8                writeBME680
                0x00000000000009f4                ReadADC
                0x0000000000000a58                irq3_handler
                0x0000000000000be4                printAdcChannels
                0x0000000000000c8c                readAllBMERegs
                0x0000000000000d64                printBMERegs
                0x0000000000000e58                bmeReg
                0x0000000000000e78                startBME680
                0x0000000000000f18                measureBME680
                0x0000000000001310                ReadDust
                0x000000000000133c                ReadGAS
                0x0000000000001368                getw
                0x00000000000013bc                _memcpy
                0x00000000000013e4                _getch1
                0x0000000000001428                _putch2
                0x0000000000001444                strchr
                0x000000000000146c                parse_comma_delimited_str
                0x00000000000014dc                strncmp
                0x0000000000001510                getGPSFrame
                0x00000000000017b8                test_U1_IRQREAD
                0x00000000000017d0                test_U1_READ
                0x00000000000017e8                test_U0_WRITE
                0x00000000000017ec                timerTest
                0x0000000000001808                GpoutTest
                0x0000000000001880                GpinTest
                0x0000000000001950                SPITest
                0x0000000000001984                spiLoRAxfer
                0x00000000000019a8                readLoRA
                0x00000000000019e0                writeLoRA
                0x0000000000001a28                readAllLoRaRegs
                0x0000000000001a98                printLoRaRegs
                0x0000000000001b18                GpinRead
 .text          0x0000000000001b58       0x24 c:/users/andrés martín yeves/desktop/carpeta trabajo - tp/tools/xpack-risc_v/bin/../lib/gcc/riscv-none-elf/12.2.0/rv32e/ilp32e\libgcc.a(muldi3.o)
                0x0000000000001b58                __mulsi3
 .text          0x0000000000001b7c       0xb4 c:/users/andrés martín yeves/desktop/carpeta trabajo - tp/tools/xpack-risc_v/bin/../lib/gcc/riscv-none-elf/12.2.0/rv32e/ilp32e\libgcc.a(div.o)
                0x0000000000001b7c                __divsi3
                0x0000000000001b84                __udivsi3
                0x0000000000001b84                __hidden___udivsi3
                0x0000000000001bcc                __umodsi3
                0x0000000000001c00                __modsi3
 *(.text*)
 .text.startup  0x0000000000001c30      0x414 C:\Users\ANDRSM~1\AppData\Local\Temp\ccN5C1K7.o
                0x0000000000001c30                main
 *(.rodata)
 .rodata        0x0000000000002044       0xd6 C:\Users\ANDRSM~1\AppData\Local\Temp\ccN5C1K7.o
 *(.rodata*)
 *fill*         0x000000000000211a        0x2 
 .rodata.str1.4
                0x000000000000211c      0xe0f C:\Users\ANDRSM~1\AppData\Local\Temp\ccN5C1K7.o
                                        0xe13 (size before relaxing)
 *(.srodata)
 *(.srodata*)
                0x0000000000002f2b                _etext = .
                0x0000000000002f2b                _sidata = _etext

.rela.dyn       0x0000000000002f2c        0x0
 .rela.text     0x0000000000002f2c        0x0 C:\Users\ANDRSM~1\AppData\Local\Temp\ccjtBmhk.o

.data           0x0000000000002f2b        0x5
                0x0000000000002f2c                . = ALIGN (0x4)
 *fill*         0x0000000000002f2b        0x1 
                0x0000000000002f2b                _sdata_values = LOADADDR (.data)
                0x0000000000002f2c                _sdata = .
                0x0000000000002f2c                _ram_start = .
                0x0000000000002f2c                . = ALIGN (0x4)
 *(.data)
 .data          0x0000000000002f2c        0x0 C:\Users\ANDRSM~1\AppData\Local\Temp\ccjtBmhk.o
 .data          0x0000000000002f2c        0x0 C:\Users\ANDRSM~1\AppData\Local\Temp\ccN5C1K7.o
 .data          0x0000000000002f2c        0x0 c:/users/andrés martín yeves/desktop/carpeta trabajo - tp/tools/xpack-risc_v/bin/../lib/gcc/riscv-none-elf/12.2.0/rv32e/ilp32e\libgcc.a(muldi3.o)
 .data          0x0000000000002f2c        0x0 c:/users/andrés martín yeves/desktop/carpeta trabajo - tp/tools/xpack-risc_v/bin/../lib/gcc/riscv-none-elf/12.2.0/rv32e/ilp32e\libgcc.a(div.o)
 *(.data*)
 *(.sdata)
 .sdata         0x0000000000002f2c        0x3 C:\Users\ANDRSM~1\AppData\Local\Temp\ccN5C1K7.o
                0x0000000000002f2e                GPS_FF
 *(.sdata*)
                0x0000000000002f30                . = ALIGN (0x4)
 *fill*         0x0000000000002f2f        0x1 
                0x0000000000002f30                _edata = .

.bss            0x0000000000002f30      0x284
                0x0000000000002f30                . = ALIGN (0x4)
                0x0000000000002f30                _sbss = .
 *(.bss)
 .bss           0x0000000000002f30        0x0 C:\Users\ANDRSM~1\AppData\Local\Temp\ccjtBmhk.o
 .bss           0x0000000000002f30      0x270 C:\Users\ANDRSM~1\AppData\Local\Temp\ccN5C1K7.o
                0x0000000000002f30                udat0
                0x0000000000002f50                udat1
                0x0000000000002fd0                bmeRegs
                0x00000000000030d0                GPS_FRAME
                0x0000000000003120                loraRegs
 .bss           0x00000000000031a0        0x0 c:/users/andrés martín yeves/desktop/carpeta trabajo - tp/tools/xpack-risc_v/bin/../lib/gcc/riscv-none-elf/12.2.0/rv32e/ilp32e\libgcc.a(muldi3.o)
 .bss           0x00000000000031a0        0x0 c:/users/andrés martín yeves/desktop/carpeta trabajo - tp/tools/xpack-risc_v/bin/../lib/gcc/riscv-none-elf/12.2.0/rv32e/ilp32e\libgcc.a(div.o)
 *(.bss*)
 *(.sbss)
 .sbss          0x00000000000031a0       0x13 C:\Users\ANDRSM~1\AppData\Local\Temp\ccN5C1K7.o
                0x00000000000031a0                polvoValue
                0x00000000000031a4                gasValue5v
                0x00000000000031a8                gasValue1v4
                0x00000000000031ac                volcarOutputGPS
                0x00000000000031ad                binaryCount
                0x00000000000031ae                clkMode
                0x00000000000031af                wrix1
                0x00000000000031b0                rdix1
                0x00000000000031b1                wrix0
                0x00000000000031b2                rdix0
 *(.sbss*)
 *(COMMON)
                0x00000000000031b4                . = ALIGN (0x4)
 *fill*         0x00000000000031b3        0x1 
                0x00000000000031b4                _ebss = .

.heap           0x00000000000031b4        0x0
                0x00000000000031b4                . = ALIGN (0x4)
                0x00000000000031b4                _heap_start = .
LOAD C:\Users\ANDRSM~1\AppData\Local\Temp\ccjtBmhk.o
LOAD C:\Users\ANDRSM~1\AppData\Local\Temp\ccN5C1K7.o
LOAD c:/users/andrés martín yeves/desktop/carpeta trabajo - tp/tools/xpack-risc_v/bin/../lib/gcc/riscv-none-elf/12.2.0/rv32e/ilp32e\libgcc.a
OUTPUT(code.elf elf32-littleriscv)

.riscv.attributes
                0x0000000000000000       0x20
 .riscv.attributes
                0x0000000000000000       0x1a C:\Users\ANDRSM~1\AppData\Local\Temp\ccjtBmhk.o
 .riscv.attributes
                0x000000000000001a       0x20 C:\Users\ANDRSM~1\AppData\Local\Temp\ccN5C1K7.o
 .riscv.attributes
                0x000000000000003a       0x1a c:/users/andrés martín yeves/desktop/carpeta trabajo - tp/tools/xpack-risc_v/bin/../lib/gcc/riscv-none-elf/12.2.0/rv32e/ilp32e\libgcc.a(muldi3.o)
 .riscv.attributes
                0x0000000000000054       0x1a c:/users/andrés martín yeves/desktop/carpeta trabajo - tp/tools/xpack-risc_v/bin/../lib/gcc/riscv-none-elf/12.2.0/rv32e/ilp32e\libgcc.a(div.o)

.comment        0x0000000000000000       0x33
 .comment       0x0000000000000000       0x33 C:\Users\ANDRSM~1\AppData\Local\Temp\ccN5C1K7.o
                                         0x34 (size before relaxing)
