Archive member included to satisfy reference by file (symbol)

c:/users/andrés martín yeves/desktop/carpeta trabajo - tp/tools/xpack-risc_v/bin/../lib/gcc/riscv-none-elf/12.2.0/rv32e/ilp32e\libgcc.a(muldi3.o)
                              C:\Users\ANDRSM~1\AppData\Local\Temp\ccxbu3zU.o (__mulsi3)
c:/users/andrés martín yeves/desktop/carpeta trabajo - tp/tools/xpack-risc_v/bin/../lib/gcc/riscv-none-elf/12.2.0/rv32e/ilp32e\libgcc.a(div.o)
                              C:\Users\ANDRSM~1\AppData\Local\Temp\ccxbu3zU.o (__divsi3)

Discarded input sections

 .debug_line    0x0000000000000000       0xc2 C:\Users\ANDRSM~1\AppData\Local\Temp\ccf5VyHX.o
 .debug_line_str
                0x0000000000000000       0x6a C:\Users\ANDRSM~1\AppData\Local\Temp\ccf5VyHX.o
 .debug_info    0x0000000000000000       0x24 C:\Users\ANDRSM~1\AppData\Local\Temp\ccf5VyHX.o
 .debug_abbrev  0x0000000000000000       0x14 C:\Users\ANDRSM~1\AppData\Local\Temp\ccf5VyHX.o
 .debug_aranges
                0x0000000000000000       0x20 C:\Users\ANDRSM~1\AppData\Local\Temp\ccf5VyHX.o
 .debug_str     0x0000000000000000       0x6e C:\Users\ANDRSM~1\AppData\Local\Temp\ccf5VyHX.o
 .debug_info    0x0000000000000000     0x1e8c C:\Users\ANDRSM~1\AppData\Local\Temp\ccxbu3zU.o
 .debug_abbrev  0x0000000000000000      0x3af C:\Users\ANDRSM~1\AppData\Local\Temp\ccxbu3zU.o
 .debug_loclists
                0x0000000000000000     0x1585 C:\Users\ANDRSM~1\AppData\Local\Temp\ccxbu3zU.o
 .debug_aranges
                0x0000000000000000       0x28 C:\Users\ANDRSM~1\AppData\Local\Temp\ccxbu3zU.o
 .debug_rnglists
                0x0000000000000000       0x7d C:\Users\ANDRSM~1\AppData\Local\Temp\ccxbu3zU.o
 .debug_line    0x0000000000000000     0x2d2f C:\Users\ANDRSM~1\AppData\Local\Temp\ccxbu3zU.o
 .debug_str     0x0000000000000000      0x554 C:\Users\ANDRSM~1\AppData\Local\Temp\ccxbu3zU.o
 .debug_line_str
                0x0000000000000000      0x166 C:\Users\ANDRSM~1\AppData\Local\Temp\ccxbu3zU.o
 .debug_frame   0x0000000000000000      0x5d0 C:\Users\ANDRSM~1\AppData\Local\Temp\ccxbu3zU.o

Memory Configuration

Name             Origin             Length             Attributes
RAM              0x0000000000000000 0x0000000000004000 xrw
*default*        0x0000000000000000 0xffffffffffffffff

Linker script and memory map


.text           0x0000000000000000     0x2313
                0x0000000000000000                . = ALIGN (0x4)
 *(.boot)
 .boot          0x0000000000000000        0x4 C:\Users\ANDRSM~1\AppData\Local\Temp\ccf5VyHX.o
 *(.text)
 .text          0x0000000000000004       0x68 C:\Users\ANDRSM~1\AppData\Local\Temp\ccf5VyHX.o
                0x0000000000000060                delay_loop
 .text          0x000000000000006c     0x184c C:\Users\ANDRSM~1\AppData\Local\Temp\ccxbu3zU.o
                0x000000000000006c                irq1_handler
                0x00000000000000d0                irq2_handler
                0x0000000000000120                irq4_handler
                0x00000000000001a0                irq5_handler
                0x00000000000001f0                _putch
                0x00000000000006c8                _puts
                0x00000000000006fc                irq3_handler
                0x0000000000000770                _printf
                0x00000000000007ac                _sprintf
                0x00000000000007e4                _getch
                0x0000000000000828                haschar
                0x0000000000000844                getMEPC
                0x0000000000000850                irq0_handler
                0x00000000000008c0                getw
                0x0000000000000914                _memcpy
                0x000000000000093c                _getch1
                0x0000000000000980                _putch2
                0x000000000000099c                _printfBin
                0x0000000000000a04                strchr
                0x0000000000000a2c                parse_comma_delimited_str
                0x0000000000000a9c                strncmp
                0x0000000000000afc                getGPSFrame
                0x0000000000000dd0                spixfer
                0x0000000000000df4                readBME680
                0x0000000000000e34                writeBME680
                0x0000000000000e80                readAllBMERegs
                0x0000000000000f58                printBMERegs
                0x000000000000104c                bmeReg
                0x000000000000106c                startBME680
                0x000000000000110c                measureBME680
                0x0000000000001504                test_depurFirst
                0x0000000000001554                test_U1_IRQREAD
                0x000000000000156c                test_U1_READ
                0x0000000000001584                test_U0_WRITE
                0x0000000000001588                timerTest
                0x00000000000015a4                GpoutTest
                0x000000000000161c                GpinTest
                0x00000000000016ec                SPITest
                0x0000000000001720                spiLoRAxfer
                0x0000000000001744                readLoRA
                0x0000000000001780                writeLoRA
                0x00000000000017c8                readAllLoRaRegs
                0x0000000000001838                printLoRaRegs
 .text          0x00000000000018b8       0x24 c:/users/andrés martín yeves/desktop/carpeta trabajo - tp/tools/xpack-risc_v/bin/../lib/gcc/riscv-none-elf/12.2.0/rv32e/ilp32e\libgcc.a(muldi3.o)
                0x00000000000018b8                __mulsi3
 .text          0x00000000000018dc       0xb4 c:/users/andrés martín yeves/desktop/carpeta trabajo - tp/tools/xpack-risc_v/bin/../lib/gcc/riscv-none-elf/12.2.0/rv32e/ilp32e\libgcc.a(div.o)
                0x00000000000018dc                __divsi3
                0x00000000000018e4                __udivsi3
                0x00000000000018e4                __hidden___udivsi3
                0x000000000000192c                __umodsi3
                0x0000000000001960                __modsi3
 *(.text*)
 .text.startup  0x0000000000001990      0x288 C:\Users\ANDRSM~1\AppData\Local\Temp\ccxbu3zU.o
                0x0000000000001990                main
 *(.rodata)
 .rodata        0x0000000000001c18       0x7a C:\Users\ANDRSM~1\AppData\Local\Temp\ccxbu3zU.o
 *(.rodata*)
 *fill*         0x0000000000001c92        0x2 
 .rodata.str1.4
                0x0000000000001c94      0x67f C:\Users\ANDRSM~1\AppData\Local\Temp\ccxbu3zU.o
                                        0x683 (size before relaxing)
 *(.srodata)
 *(.srodata*)
                0x0000000000002313                _etext = .
                0x0000000000002313                _sidata = _etext

.rela.dyn       0x0000000000002314        0x0
 .rela.text     0x0000000000002314        0x0 C:\Users\ANDRSM~1\AppData\Local\Temp\ccf5VyHX.o

.data           0x0000000000002313        0x5
                0x0000000000002314                . = ALIGN (0x4)
 *fill*         0x0000000000002313        0x1 
                0x0000000000002313                _sdata_values = LOADADDR (.data)
                0x0000000000002314                _sdata = .
                0x0000000000002314                _ram_start = .
                0x0000000000002314                . = ALIGN (0x4)
 *(.data)
 .data          0x0000000000002314        0x0 C:\Users\ANDRSM~1\AppData\Local\Temp\ccf5VyHX.o
 .data          0x0000000000002314        0x0 C:\Users\ANDRSM~1\AppData\Local\Temp\ccxbu3zU.o
 .data          0x0000000000002314        0x0 c:/users/andrés martín yeves/desktop/carpeta trabajo - tp/tools/xpack-risc_v/bin/../lib/gcc/riscv-none-elf/12.2.0/rv32e/ilp32e\libgcc.a(muldi3.o)
 .data          0x0000000000002314        0x0 c:/users/andrés martín yeves/desktop/carpeta trabajo - tp/tools/xpack-risc_v/bin/../lib/gcc/riscv-none-elf/12.2.0/rv32e/ilp32e\libgcc.a(div.o)
 *(.data*)
 *(.sdata)
 .sdata         0x0000000000002314        0x3 C:\Users\ANDRSM~1\AppData\Local\Temp\ccxbu3zU.o
                0x0000000000002316                GPS_FF
 *(.sdata*)
                0x0000000000002318                . = ALIGN (0x4)
 *fill*         0x0000000000002317        0x1 
                0x0000000000002318                _edata = .

.bss            0x0000000000002318      0x274
                0x0000000000002318                . = ALIGN (0x4)
                0x0000000000002318                _sbss = .
 *(.bss)
 .bss           0x0000000000002318        0x0 C:\Users\ANDRSM~1\AppData\Local\Temp\ccf5VyHX.o
 .bss           0x0000000000002318      0x270 C:\Users\ANDRSM~1\AppData\Local\Temp\ccxbu3zU.o
                0x0000000000002318                udat0
                0x0000000000002338                udat1
                0x00000000000023b8                GPS_FRAME
                0x0000000000002408                bmeRegs
                0x0000000000002508                loraRegs
 .bss           0x0000000000002588        0x0 c:/users/andrés martín yeves/desktop/carpeta trabajo - tp/tools/xpack-risc_v/bin/../lib/gcc/riscv-none-elf/12.2.0/rv32e/ilp32e\libgcc.a(muldi3.o)
 .bss           0x0000000000002588        0x0 c:/users/andrés martín yeves/desktop/carpeta trabajo - tp/tools/xpack-risc_v/bin/../lib/gcc/riscv-none-elf/12.2.0/rv32e/ilp32e\libgcc.a(div.o)
 *(.bss*)
 *(.sbss)
 .sbss          0x0000000000002588        0x4 C:\Users\ANDRSM~1\AppData\Local\Temp\ccxbu3zU.o
                0x0000000000002588                wrix1
                0x0000000000002589                rdix1
                0x000000000000258a                wrix0
                0x000000000000258b                rdix0
 *(.sbss*)
 *(COMMON)
                0x000000000000258c                . = ALIGN (0x4)
                0x000000000000258c                _ebss = .

.heap           0x000000000000258c        0x0
                0x000000000000258c                . = ALIGN (0x4)
                0x000000000000258c                _heap_start = .
LOAD C:\Users\ANDRSM~1\AppData\Local\Temp\ccf5VyHX.o
LOAD C:\Users\ANDRSM~1\AppData\Local\Temp\ccxbu3zU.o
LOAD c:/users/andrés martín yeves/desktop/carpeta trabajo - tp/tools/xpack-risc_v/bin/../lib/gcc/riscv-none-elf/12.2.0/rv32e/ilp32e\libgcc.a
OUTPUT(code.elf elf32-littleriscv)

.riscv.attributes
                0x0000000000000000       0x20
 .riscv.attributes
                0x0000000000000000       0x1a C:\Users\ANDRSM~1\AppData\Local\Temp\ccf5VyHX.o
 .riscv.attributes
                0x000000000000001a       0x20 C:\Users\ANDRSM~1\AppData\Local\Temp\ccxbu3zU.o
 .riscv.attributes
                0x000000000000003a       0x1a c:/users/andrés martín yeves/desktop/carpeta trabajo - tp/tools/xpack-risc_v/bin/../lib/gcc/riscv-none-elf/12.2.0/rv32e/ilp32e\libgcc.a(muldi3.o)
 .riscv.attributes
                0x0000000000000054       0x1a c:/users/andrés martín yeves/desktop/carpeta trabajo - tp/tools/xpack-risc_v/bin/../lib/gcc/riscv-none-elf/12.2.0/rv32e/ilp32e\libgcc.a(div.o)

.comment        0x0000000000000000       0x33
 .comment       0x0000000000000000       0x33 C:\Users\ANDRSM~1\AppData\Local\Temp\ccxbu3zU.o
                                         0x34 (size before relaxing)
