Archive member included to satisfy reference by file (symbol)

c:/users/andrés martín yeves/desktop/carpeta trabajo - tp/tools/xpack-risc_v/bin/../lib/gcc/riscv-none-elf/12.2.0/rv32e/ilp32e\libgcc.a(div.o)
                              C:\Users\ANDRSM~1\AppData\Local\Temp\ccGuDwtR.o (__udivsi3)

Discarded input sections

 .debug_line    0x0000000000000000       0xc3 C:\Users\ANDRSM~1\AppData\Local\Temp\cci0vAIG.o
 .debug_line_str
                0x0000000000000000       0x6a C:\Users\ANDRSM~1\AppData\Local\Temp\cci0vAIG.o
 .debug_info    0x0000000000000000       0x24 C:\Users\ANDRSM~1\AppData\Local\Temp\cci0vAIG.o
 .debug_abbrev  0x0000000000000000       0x14 C:\Users\ANDRSM~1\AppData\Local\Temp\cci0vAIG.o
 .debug_aranges
                0x0000000000000000       0x20 C:\Users\ANDRSM~1\AppData\Local\Temp\cci0vAIG.o
 .debug_str     0x0000000000000000       0x6e C:\Users\ANDRSM~1\AppData\Local\Temp\cci0vAIG.o
 .debug_info    0x0000000000000000      0xed5 C:\Users\ANDRSM~1\AppData\Local\Temp\ccGuDwtR.o
 .debug_abbrev  0x0000000000000000      0x31e C:\Users\ANDRSM~1\AppData\Local\Temp\ccGuDwtR.o
 .debug_loclists
                0x0000000000000000      0xba3 C:\Users\ANDRSM~1\AppData\Local\Temp\ccGuDwtR.o
 .debug_aranges
                0x0000000000000000       0x28 C:\Users\ANDRSM~1\AppData\Local\Temp\ccGuDwtR.o
 .debug_rnglists
                0x0000000000000000       0x57 C:\Users\ANDRSM~1\AppData\Local\Temp\ccGuDwtR.o
 .debug_line    0x0000000000000000     0x1a17 C:\Users\ANDRSM~1\AppData\Local\Temp\ccGuDwtR.o
 .debug_str     0x0000000000000000      0x393 C:\Users\ANDRSM~1\AppData\Local\Temp\ccGuDwtR.o
 .debug_line_str
                0x0000000000000000      0x166 C:\Users\ANDRSM~1\AppData\Local\Temp\ccGuDwtR.o
 .debug_frame   0x0000000000000000      0x4dc C:\Users\ANDRSM~1\AppData\Local\Temp\ccGuDwtR.o

Memory Configuration

Name             Origin             Length             Attributes
RONLY            0x0000000000000000 0x0000000000001c00 xr
RAM              0x0000000000001c00 0x0000000000000400 xrw
*default*        0x0000000000000000 0xffffffffffffffff

Linker script and memory map


.text           0x0000000000000000     0x109a
                0x0000000000000000                . = ALIGN (0x4)
 *(.boot)
 .boot          0x0000000000000000        0x4 C:\Users\ANDRSM~1\AppData\Local\Temp\cci0vAIG.o
 *(.text)
 .text          0x0000000000000004       0x68 C:\Users\ANDRSM~1\AppData\Local\Temp\cci0vAIG.o
                0x0000000000000060                delay_loop
 .text          0x000000000000006c      0xed4 C:\Users\ANDRSM~1\AppData\Local\Temp\ccGuDwtR.o
                0x000000000000006c                _putch
                0x0000000000000544                _puts
                0x0000000000000578                irq3_handler
                0x00000000000005ec                _printf
                0x0000000000000628                _sprintf
                0x0000000000000660                _getch
                0x00000000000006a4                haschar
                0x00000000000006c0                getMEPC
                0x00000000000006cc                irq0_handler
                0x000000000000073c                irq1_handler
                0x00000000000007a0                irq2_handler
                0x00000000000007f0                irq4_handler
                0x0000000000000890                irq5_handler
                0x00000000000008e0                getw
                0x0000000000000934                _memcpy
                0x000000000000095c                _getch1
                0x00000000000009a0                _getGPSFrame
                0x0000000000000a90                _putch2
                0x0000000000000aac                _printfBin
                0x0000000000000b14                decodGPS
                0x0000000000000b18                getPos
                0x0000000000000b1c                spixfer
                0x0000000000000b40                readBME680
                0x0000000000000b80                writeBME680
                0x0000000000000bcc                readAllRegs
                0x0000000000000c54                startBME680
                0x0000000000000c7c                test_depurFirst
                0x0000000000000ccc                test_U1_IRQREAD
                0x0000000000000ce4                test_U1_READ
                0x0000000000000cfc                test_U0_WRITE
                0x0000000000000d00                timerTest
                0x0000000000000d1c                GpoutTest
                0x0000000000000d94                GpinTest
                0x0000000000000e64                SPITest
                0x0000000000000e98                spiLoRAxfer
                0x0000000000000ebc                readLoRA
                0x0000000000000ef8                writeLoRA
 .text          0x0000000000000f40       0xb4 c:/users/andrés martín yeves/desktop/carpeta trabajo - tp/tools/xpack-risc_v/bin/../lib/gcc/riscv-none-elf/12.2.0/rv32e/ilp32e\libgcc.a(div.o)
                0x0000000000000f40                __divsi3
                0x0000000000000f48                __udivsi3
                0x0000000000000f48                __hidden___udivsi3
                0x0000000000000f90                __umodsi3
                0x0000000000000fc4                __modsi3
 *(.text*)
 .text.startup  0x0000000000000ff4       0x4c C:\Users\ANDRSM~1\AppData\Local\Temp\ccGuDwtR.o
                0x0000000000000ff4                main
 *(.rodata)
 *(.rodata*)
 .rodata.str1.4
                0x0000000000001040       0x5a C:\Users\ANDRSM~1\AppData\Local\Temp\ccGuDwtR.o
 *(.srodata)
 *(.srodata*)
                0x000000000000109a                _etext = .
                0x000000000000109a                _sidata = _etext

.rela.dyn       0x000000000000109c        0x0
 .rela.text     0x000000000000109c        0x0 C:\Users\ANDRSM~1\AppData\Local\Temp\cci0vAIG.o

.data           0x0000000000001c00        0x4 load address 0x000000000000109a
                0x0000000000001c00                . = ALIGN (0x4)
                0x000000000000109a                _sdata_values = LOADADDR (.data)
                0x0000000000001c00                _sdata = .
                0x0000000000001c00                _ram_start = .
                0x0000000000001c00                . = ALIGN (0x4)
 *(.data)
 .data          0x0000000000001c00        0x0 C:\Users\ANDRSM~1\AppData\Local\Temp\cci0vAIG.o
 .data          0x0000000000001c00        0x0 C:\Users\ANDRSM~1\AppData\Local\Temp\ccGuDwtR.o
 .data          0x0000000000001c00        0x0 c:/users/andrés martín yeves/desktop/carpeta trabajo - tp/tools/xpack-risc_v/bin/../lib/gcc/riscv-none-elf/12.2.0/rv32e/ilp32e\libgcc.a(div.o)
 *(.data*)
 *(.sdata)
 .sdata         0x0000000000001c00        0x3 C:\Users\ANDRSM~1\AppData\Local\Temp\ccGuDwtR.o
                0x0000000000001c02                GPS_FF
 *(.sdata*)
                0x0000000000001c04                . = ALIGN (0x4)
 *fill*         0x0000000000001c03        0x1 
                0x0000000000001c04                _edata = .

.bss            0x0000000000001c04       0xf4 load address 0x000000000000109e
                0x0000000000001c04                . = ALIGN (0x4)
                0x0000000000001c04                _sbss = .
 *(.bss)
 .bss           0x0000000000001c04        0x0 C:\Users\ANDRSM~1\AppData\Local\Temp\cci0vAIG.o
 .bss           0x0000000000001c04       0xf0 C:\Users\ANDRSM~1\AppData\Local\Temp\ccGuDwtR.o
                0x0000000000001c04                udat0
                0x0000000000001c24                udat1
                0x0000000000001ca4                GPS_FRAME
 .bss           0x0000000000001cf4        0x0 c:/users/andrés martín yeves/desktop/carpeta trabajo - tp/tools/xpack-risc_v/bin/../lib/gcc/riscv-none-elf/12.2.0/rv32e/ilp32e\libgcc.a(div.o)
 *(.bss*)
 *(.sbss)
 .sbss          0x0000000000001cf4        0x4 C:\Users\ANDRSM~1\AppData\Local\Temp\ccGuDwtR.o
                0x0000000000001cf4                wrix1
                0x0000000000001cf5                rdix1
                0x0000000000001cf6                wrix0
                0x0000000000001cf7                rdix0
 *(.sbss*)
 *(COMMON)
                0x0000000000001cf8                . = ALIGN (0x4)
                0x0000000000001cf8                _ebss = .

.heap           0x0000000000001cf8        0x0 load address 0x000000000000109e
                0x0000000000001cf8                . = ALIGN (0x4)
                0x0000000000001cf8                _heap_start = .
LOAD C:\Users\ANDRSM~1\AppData\Local\Temp\cci0vAIG.o
LOAD C:\Users\ANDRSM~1\AppData\Local\Temp\ccGuDwtR.o
LOAD c:/users/andrés martín yeves/desktop/carpeta trabajo - tp/tools/xpack-risc_v/bin/../lib/gcc/riscv-none-elf/12.2.0/rv32e/ilp32e\libgcc.a
OUTPUT(code.elf elf32-littleriscv)

.riscv.attributes
                0x0000000000000000       0x20
 .riscv.attributes
                0x0000000000000000       0x1a C:\Users\ANDRSM~1\AppData\Local\Temp\cci0vAIG.o
 .riscv.attributes
                0x000000000000001a       0x20 C:\Users\ANDRSM~1\AppData\Local\Temp\ccGuDwtR.o
 .riscv.attributes
                0x000000000000003a       0x1a c:/users/andrés martín yeves/desktop/carpeta trabajo - tp/tools/xpack-risc_v/bin/../lib/gcc/riscv-none-elf/12.2.0/rv32e/ilp32e\libgcc.a(div.o)

.comment        0x0000000000000000       0x33
 .comment       0x0000000000000000       0x33 C:\Users\ANDRSM~1\AppData\Local\Temp\ccGuDwtR.o
                                         0x34 (size before relaxing)
