Archive member included to satisfy reference by file (symbol)

c:/users/andrés martín yeves/desktop/carpeta trabajo - tp/tools/xpack-risc_v/bin/../lib/gcc/riscv-none-elf/12.2.0/rv32e/ilp32e\libgcc.a(muldi3.o)
                              C:\Users\ANDRSM~1\AppData\Local\Temp\cchPHmlD.o (__mulsi3)
c:/users/andrés martín yeves/desktop/carpeta trabajo - tp/tools/xpack-risc_v/bin/../lib/gcc/riscv-none-elf/12.2.0/rv32e/ilp32e\libgcc.a(div.o)
                              C:\Users\ANDRSM~1\AppData\Local\Temp\cchPHmlD.o (__divsi3)

Discarded input sections

 .debug_line    0x0000000000000000       0xc2 C:\Users\ANDRSM~1\AppData\Local\Temp\cc1XW6AU.o
 .debug_line_str
                0x0000000000000000       0x6a C:\Users\ANDRSM~1\AppData\Local\Temp\cc1XW6AU.o
 .debug_info    0x0000000000000000       0x24 C:\Users\ANDRSM~1\AppData\Local\Temp\cc1XW6AU.o
 .debug_abbrev  0x0000000000000000       0x14 C:\Users\ANDRSM~1\AppData\Local\Temp\cc1XW6AU.o
 .debug_aranges
                0x0000000000000000       0x20 C:\Users\ANDRSM~1\AppData\Local\Temp\cc1XW6AU.o
 .debug_str     0x0000000000000000       0x6e C:\Users\ANDRSM~1\AppData\Local\Temp\cc1XW6AU.o
 .debug_info    0x0000000000000000     0x3108 C:\Users\ANDRSM~1\AppData\Local\Temp\cchPHmlD.o
 .debug_abbrev  0x0000000000000000      0x4d5 C:\Users\ANDRSM~1\AppData\Local\Temp\cchPHmlD.o
 .debug_loclists
                0x0000000000000000     0x171c C:\Users\ANDRSM~1\AppData\Local\Temp\cchPHmlD.o
 .debug_aranges
                0x0000000000000000       0x28 C:\Users\ANDRSM~1\AppData\Local\Temp\cchPHmlD.o
 .debug_rnglists
                0x0000000000000000       0x7d C:\Users\ANDRSM~1\AppData\Local\Temp\cchPHmlD.o
 .debug_line    0x0000000000000000     0x3d1f C:\Users\ANDRSM~1\AppData\Local\Temp\cchPHmlD.o
 .debug_str     0x0000000000000000      0x6a4 C:\Users\ANDRSM~1\AppData\Local\Temp\cchPHmlD.o
 .debug_line_str
                0x0000000000000000      0x174 C:\Users\ANDRSM~1\AppData\Local\Temp\cchPHmlD.o
 .debug_frame   0x0000000000000000      0x758 C:\Users\ANDRSM~1\AppData\Local\Temp\cchPHmlD.o

Memory Configuration

Name             Origin             Length             Attributes
RAM              0x0000000000000000 0x0000000000004000 xrw
*default*        0x0000000000000000 0xffffffffffffffff

Linker script and memory map


.text           0x0000000000000000     0x383f
                0x0000000000000000                . = ALIGN (0x4)
 *(.boot)
 .boot          0x0000000000000000        0x4 C:\Users\ANDRSM~1\AppData\Local\Temp\cc1XW6AU.o
 *(.text)
 .text          0x0000000000000004       0x68 C:\Users\ANDRSM~1\AppData\Local\Temp\cc1XW6AU.o
                0x0000000000000060                delay_loop
 .text          0x000000000000006c     0x26b4 C:\Users\ANDRSM~1\AppData\Local\Temp\cchPHmlD.o
                0x000000000000006c                irq1_handler
                0x00000000000000d0                irq2_handler
                0x0000000000000120                irq5_handler
                0x0000000000000170                irq7_handler
                0x00000000000001c0                _putch
                0x0000000000000698                irq4_handler
                0x0000000000000768                irq6_handler
                0x000000000000080c                _puts
                0x0000000000000840                _sizeof
                0x0000000000000864                _printf
                0x00000000000008a0                _sprintf
                0x00000000000008d8                _getch
                0x000000000000091c                haschar
                0x0000000000000938                getMEPC
                0x0000000000000944                irq0_handler
                0x00000000000009b4                _printfBin
                0x0000000000000a1c                my_itoa
                0x0000000000000aac                spixfer
                0x0000000000000ad0                readBME680
                0x0000000000000b10                writeBME680
                0x0000000000000b5c                ReadADC
                0x0000000000000bc0                irq3_handler
                0x0000000000000d78                printAdcChannels
                0x0000000000000e20                readAllBMERegs
                0x0000000000000ef8                printBMERegs
                0x0000000000000fec                bmeReg
                0x000000000000100c                startBME680
                0x00000000000010ac                measureBME680
                0x00000000000014d8                ReadDust
                0x0000000000001500                ReadGAS
                0x000000000000152c                printCO
                0x0000000000001540                printDust
                0x0000000000001554                printCh4LPG
                0x0000000000001568                getw
                0x00000000000015bc                _memcpy
                0x00000000000015e4                cnc
                0x0000000000001644                _getch1
                0x0000000000001688                _putch2
                0x00000000000016a4                spiLoRAxfer
                0x00000000000016c8                readLoRA
                0x0000000000001700                writeLoRA
                0x0000000000001748                printLoRaRegs
                0x00000000000017cc                setModemRegisters
                0x000000000000180c                setPreambleLength
                0x0000000000001840                setFrequency868
                0x0000000000001874                loraSend
                0x0000000000001988                loraInit
                0x0000000000001a0c                transmitPRAOFrame
                0x0000000000001f08                strchr
                0x0000000000001f30                parse_comma_delimited_str
                0x0000000000001fa0                strncmp
                0x0000000000001fd4                getGPSFrame
                0x00000000000022f8                GpinRead
                0x0000000000002338                test
 .text          0x0000000000002720       0x24 c:/users/andrés martín yeves/desktop/carpeta trabajo - tp/tools/xpack-risc_v/bin/../lib/gcc/riscv-none-elf/12.2.0/rv32e/ilp32e\libgcc.a(muldi3.o)
                0x0000000000002720                __mulsi3
 .text          0x0000000000002744       0xb4 c:/users/andrés martín yeves/desktop/carpeta trabajo - tp/tools/xpack-risc_v/bin/../lib/gcc/riscv-none-elf/12.2.0/rv32e/ilp32e\libgcc.a(div.o)
                0x0000000000002744                __divsi3
                0x000000000000274c                __udivsi3
                0x000000000000274c                __hidden___udivsi3
                0x0000000000002794                __umodsi3
                0x00000000000027c8                __modsi3
 *(.text*)
 .text.startup  0x00000000000027f8       0x88 C:\Users\ANDRSM~1\AppData\Local\Temp\cchPHmlD.o
                0x00000000000027f8                main
 *(.rodata)
 .rodata        0x0000000000002880       0xe2 C:\Users\ANDRSM~1\AppData\Local\Temp\cchPHmlD.o
 *(.rodata*)
 *fill*         0x0000000000002962        0x2 
 .rodata.str1.4
                0x0000000000002964      0xedb C:\Users\ANDRSM~1\AppData\Local\Temp\cchPHmlD.o
                                        0xee3 (size before relaxing)
 *(.srodata)
 *(.srodata*)
                0x000000000000383f                _etext = .
                0x000000000000383f                _sidata = _etext

.rela.dyn       0x0000000000003840        0x0
 .rela.text     0x0000000000003840        0x0 C:\Users\ANDRSM~1\AppData\Local\Temp\cc1XW6AU.o

.data           0x000000000000383f        0x9
                0x0000000000003840                . = ALIGN (0x4)
 *fill*         0x000000000000383f        0x1 
                0x000000000000383f                _sdata_values = LOADADDR (.data)
                0x0000000000003840                _sdata = .
                0x0000000000003840                _ram_start = .
                0x0000000000003840                . = ALIGN (0x4)
 *(.data)
 .data          0x0000000000003840        0x0 C:\Users\ANDRSM~1\AppData\Local\Temp\cc1XW6AU.o
 .data          0x0000000000003840        0x0 C:\Users\ANDRSM~1\AppData\Local\Temp\cchPHmlD.o
 .data          0x0000000000003840        0x0 c:/users/andrés martín yeves/desktop/carpeta trabajo - tp/tools/xpack-risc_v/bin/../lib/gcc/riscv-none-elf/12.2.0/rv32e/ilp32e\libgcc.a(muldi3.o)
 .data          0x0000000000003840        0x0 c:/users/andrés martín yeves/desktop/carpeta trabajo - tp/tools/xpack-risc_v/bin/../lib/gcc/riscv-none-elf/12.2.0/rv32e/ilp32e\libgcc.a(div.o)
 *(.data*)
 *(.sdata)
 .sdata         0x0000000000003840        0x5 C:\Users\ANDRSM~1\AppData\Local\Temp\cchPHmlD.o
                0x0000000000003843                temp
                0x0000000000003844                GPS_FF
 *(.sdata*)
                0x0000000000003848                . = ALIGN (0x4)
 *fill*         0x0000000000003845        0x3 
                0x0000000000003848                _edata = .

.bss            0x0000000000003848      0x29c
                0x0000000000003848                . = ALIGN (0x4)
                0x0000000000003848                _sbss = .
 *(.bss)
 .bss           0x0000000000003848        0x0 C:\Users\ANDRSM~1\AppData\Local\Temp\cc1XW6AU.o
 .bss           0x0000000000003848      0x288 C:\Users\ANDRSM~1\AppData\Local\Temp\cchPHmlD.o
                0x0000000000003848                udat0
                0x0000000000003868                udat1
                0x00000000000038e8                udat2
                0x0000000000003968                bmeRegs
                0x0000000000003a68                UTC_time
                0x0000000000003a74                date
                0x0000000000003a80                GPS_FRAME
 .bss           0x0000000000003ad0        0x0 c:/users/andrés martín yeves/desktop/carpeta trabajo - tp/tools/xpack-risc_v/bin/../lib/gcc/riscv-none-elf/12.2.0/rv32e/ilp32e\libgcc.a(muldi3.o)
 .bss           0x0000000000003ad0        0x0 c:/users/andrés martín yeves/desktop/carpeta trabajo - tp/tools/xpack-risc_v/bin/../lib/gcc/riscv-none-elf/12.2.0/rv32e/ilp32e\libgcc.a(div.o)
 *(.bss*)
 *(.sbss)
 .sbss          0x0000000000003ad0       0x13 C:\Users\ANDRSM~1\AppData\Local\Temp\cchPHmlD.o
                0x0000000000003ad0                _mode
                0x0000000000003ad1                humedad
                0x0000000000003ad2                presion
                0x0000000000003ad4                polvoValue
                0x0000000000003ad6                COValue
                0x0000000000003ad8                Ch4LPGValue
                0x0000000000003ada                volcarOutputGPS
                0x0000000000003adb                binaryCount
                0x0000000000003adc                clkMode
                0x0000000000003add                wrix2
                0x0000000000003ade                rdix2
                0x0000000000003adf                wrix1
                0x0000000000003ae0                rdix1
                0x0000000000003ae1                wrix0
                0x0000000000003ae2                rdix0
 *(.sbss*)
 *(COMMON)
                0x0000000000003ae4                . = ALIGN (0x4)
 *fill*         0x0000000000003ae3        0x1 
                0x0000000000003ae4                _ebss = .

.heap           0x0000000000003ae4        0x0
                0x0000000000003ae4                . = ALIGN (0x4)
                0x0000000000003ae4                _heap_start = .
LOAD C:\Users\ANDRSM~1\AppData\Local\Temp\cc1XW6AU.o
LOAD C:\Users\ANDRSM~1\AppData\Local\Temp\cchPHmlD.o
LOAD c:/users/andrés martín yeves/desktop/carpeta trabajo - tp/tools/xpack-risc_v/bin/../lib/gcc/riscv-none-elf/12.2.0/rv32e/ilp32e\libgcc.a
OUTPUT(code.elf elf32-littleriscv)

.riscv.attributes
                0x0000000000000000       0x20
 .riscv.attributes
                0x0000000000000000       0x1a C:\Users\ANDRSM~1\AppData\Local\Temp\cc1XW6AU.o
 .riscv.attributes
                0x000000000000001a       0x20 C:\Users\ANDRSM~1\AppData\Local\Temp\cchPHmlD.o
 .riscv.attributes
                0x000000000000003a       0x1a c:/users/andrés martín yeves/desktop/carpeta trabajo - tp/tools/xpack-risc_v/bin/../lib/gcc/riscv-none-elf/12.2.0/rv32e/ilp32e\libgcc.a(muldi3.o)
 .riscv.attributes
                0x0000000000000054       0x1a c:/users/andrés martín yeves/desktop/carpeta trabajo - tp/tools/xpack-risc_v/bin/../lib/gcc/riscv-none-elf/12.2.0/rv32e/ilp32e\libgcc.a(div.o)

.comment        0x0000000000000000       0x33
 .comment       0x0000000000000000       0x33 C:\Users\ANDRSM~1\AppData\Local\Temp\cchPHmlD.o
                                         0x34 (size before relaxing)
